Statement for BigCo
  Hamlet: $1,100.00 (100 seats)
  As You Like It: $1,260.00 (120 seats)
  Othello: $1,000.00 (90 seats)
Amount owed is $3,360.00
You earned 244 credits
Congratulations you earned a loyalty discount!!!
A loyalty discount of â‚¬15 has been applied.
Amount owed after discount: $3,360.00
Credits left after discount: 244